// Jest Snapshot v1, https://goo.gl/fbAQLP

exports[`AppHeader renders markup to snapshot 1`] = `
<app-header
  __user$__selector={[Function Observable]}
  store={[Function Store]}
  sub={[Function Subscriber]}
  user={[Function User]}
>
  <nav
    _ngcontent-c1=""
    class="navbar navbar-expand-lg navbar-light fixed-top bg-white nav-border"
  >
    <div
      _ngcontent-c1=""
      class="container-fluid"
    >
      <a
        _ngcontent-c1=""
        class="navbar-brand"
        href="/"
        ng-reflect-router-link="/"
      >
        <img
          _ngcontent-c1=""
          alt=""
          src="assets/logo.jpg"
          width="200px"
        />
      </a>
      <span
        _ngcontent-c1=""
      >
        <sup
          _ngcontent-c1=""
          class="text-muted"
          title="null"
        >
          v
        </sup>
      </span>
      <button
        _ngcontent-c1=""
        aria-controls="navbarNavAltMarkup"
        aria-expanded="false"
        aria-label="Toggle navigation"
        class="navbar-toggler"
        data-target="#navbarNavAltMarkup"
        data-toggle="collapse"
        type="button"
      >
        <span
          _ngcontent-c1=""
          class="navbar-toggler-icon"
        />
        _ 
      </button>
      <div
        _ngcontent-c1=""
        class="collapse navbar-collapse"
      >
        <ul
          _ngcontent-c1=""
          class="navbar-nav mr-auto"
        />
        <div
          _ngcontent-c1=""
          class="navbar-nav"
        >
          
          <a
            _ngcontent-c1=""
            class="nav-item nav-link"
            href="/login"
            style="margin-left: auto"
          >
            <i
              _ngcontent-c1=""
              class="fa fa-fw fa-sign-in"
            />
             Â  Login 
          </a>
          
        </div>
      </div>
    </div>
  </nav>
</app-header>
`;
